---
source: src/runner/help_probe/fixture_snapshots.rs
input_file: tests/fixtures/help/actionlint__--help.txt
---
  31 | -color | 
  33 | -config-file | 
  35 | -debug | 
  37 | -format | 
  39 | -ignore | 
  41 | -init-config | 
  43 | -no-color | 
  45 | -oneline | 
  47 | -pyflakes | 
  49 | -shellcheck | 
  51 | -stdin-filename | 
  53 | -verbose | 
  55 | -version |
