---
source: src/runner/help_probe/fixture_snapshots.rs
input_file: tests/fixtures/help/files-to-prompt__--help.txt
---
  35 | -e, --extension | 
  36 | --include-hidden | Include files and folders starting with .
  37 | --ignore-files-only | --ignore option only ignores files
  38 | --ignore-gitignore | Ignore .gitignore files and include all files
  39 | --ignore | List of patterns to ignore
  40 | -o, --output | Output to a file instead of stdout
  41 | -c, --cxml | Output in XML-ish format suitable for Claude's long
  43 | -m, --markdown | Output Markdown with fenced code blocks
  44 | -n, --line-numbers | Add line numbers to the output
  45 | -0, --null | Use NUL character as separator when reading from stdin
  46 | --version | Show the version and exit.
  47 | --help | Show this message and exit.
