---
source: src/runner/help_probe/fixture_snapshots.rs
input_file: tests/fixtures/help/find__--help.txt
---
  11 | -daystart, -follow, -nowarn, -regextype, -warn | 
  14 | -depth, -files0-from, -maxdepth, -mindepth | 
  15 | -mount, -noleaf, -xdev, -ignore_readdir_race, -noignore_readdir_race | 
  18 | -amin, -anewer, -atime, -cmin, -cnewer, -context | 
  19 | -ctime, -empty, -false, -fstype, -gid, -group, -ilname | 
  20 | -iname, -inum, -iwholename, -iregex | 
  21 | -links, -lname, -mmin, -mtime, -name, -newer | 
  22 | -nouser, -nogroup, -path, -perm, -regex | 
  23 | -readable, -writable, -executable | 
  24 | -wholename, -size, -true, -type, -uid | 
  25 | -used, -user, -xtype | 
  28 | -delete, -print0, -printf, -fprintf, -print | 
  29 | -fprint0, -fprint, -ls, -fls, -prune, -quit | 
  30 | -exec, -ok | 
  31 | -execdir, -okdir | 
  34 | --help | display this help and exit
  35 | --version | output version information and exit
