---
source: src/runner/help_probe/fixture_snapshots.rs
input_file: tests/fixtures/help/lazygit__--help.txt
---
  14 | -h | --help               Displays help with available flag, subc
  15 | -p | --path               Path of git repo. (equivalent to --work
  16 | -f | --filter             Path to filter on in `git log -- <path>
  17 | -v | --version            Print the current version
  18 | -d | --debug              Run in debug mode with logging (see --l
  19 | -l | --logs               Tail lazygit logs (intended to be used 
  20 | --profile | Start the profiler and serve it on http port 6060. See CONTR
  21 | -c | --config             Print the default config
  22 | -c | --print-config-dir   Print the config directory
  23 | -u | --use-config-dir     override default config directory with 
  24 | -w | --work-tree          equivalent of the --work-tree git argum
  25 | -g | --git-dir            equivalent of the --git-dir git argumen
  26 | -u | --use-config-file    Comma separated list to custom config f
  27 | -s | --screen-mode        The initial screen-mode, which determin
