---
source: src/runner/help_probe/fixture_snapshots.rs
input_file: tests/fixtures/help/pandoc__--help.txt
---
   2 | -f, -r | --from=FORMAT, --read=FORMAT
   3 | -t, -w | --to=FORMAT, --write=FORMAT
   4 | -o | --output=FILE
   5 | --data-dir | 
   6 | -M | --metadata=KEY[=VALUE]
   7 | --metadata-file | 
   8 | -d | --defaults=FILE
   9 | --file-scope | 
  10 | --sandbox | 
  11 | -s | --standalone[=true|false]
  12 | --template | 
  13 | -V | --variable=KEY[=VALUE]
  14 | --variable-json | 
  15 | --wrap | 
  16 | --ascii | 
  17 | --toc, --table-of-contents | 
  18 | --toc-depth | 
  19 | --lof, --list-of-figures | 
  20 | --lot, --list-of-tables | 
  21 | -N | --number-sections[=true|false]
  22 | --number-offset | 
  23 | --top-level-division | 
  24 | --extract-media | 
  25 | --resource-path | 
  26 | -H | --include-in-header=FILE
  27 | -B | --include-before-body=FILE
  28 | -A | --include-after-body=FILE
  29 | --no-highlight | 
  30 | --highlight-style | 
  31 | --syntax-definition | 
  32 | --syntax-highlighting | 
  33 | --dpi | 
  34 | --eol | 
  35 | --columns | 
  36 | -p | --preserve-tabs[=true|false]
  37 | --tab-stop | 
  38 | --pdf-engine | 
  39 | --pdf-engine-opt | 
  40 | --reference-doc | 
  41 | --self-contained | 
  42 | --embed-resources | 
  43 | --link-images | 
  44 | --request-header | 
  45 | --no-check-certificate | 
  46 | --abbreviations | 
  47 | --typst-input | 
  48 | --indented-code-classes | 
  49 | --default-image-extension | 
  50 | -F | --filter=PROGRAM
  51 | -L | --lua-filter=SCRIPTPATH
  52 | --shift-heading-level-by | 
  53 | --base-header-level | 
  54 | --track-changes | 
  55 | --strip-comments | 
  56 | --reference-links | 
  57 | --reference-location | 
  58 | --figure-caption-position | 
  59 | --table-caption-position | 
  60 | --markdown-headings | 
  61 | --list-tables | 
  62 | --listings | 
  63 | -i | --incremental[=true|false]
  64 | --slide-level | 
  65 | --section-divs | 
  66 | --html-q-tags | 
  67 | --email-obfuscation | 
  68 | --id-prefix | 
  69 | -T | --title-prefix=STRING
  70 | -c | --css=URL
  71 | --epub-subdirectory | 
  72 | --epub-cover-image | 
  73 | --epub-title-page | 
  74 | --epub-metadata | 
  75 | --epub-embed-font | 
  76 | --split-level | 
  77 | --chunk-template | 
  78 | --epub-chapter-level | 
  79 | --ipynb-output | 
  80 | -C | --citeproc
  81 | --bibliography | 
  82 | --csl | 
  83 | --citation-abbreviations | 
  84 | --natbib | 
  85 | --biblatex | 
  86 | --math-method | 
  87 | --mathml | 
  88 | --webtex | 
  89 | --mathjax | 
  90 | --katex | 
  91 | --gladtex | 
  92 | --trace | 
  93 | --dump-args | 
  94 | --ignore-args | 
  95 | --verbose | 
  96 | --quiet | 
  97 | --fail-if-warnings | 
  98 | --log | 
  99 | --completion | 
 100 | --bash-completion | 
 101 | --list-input-formats | 
 102 | --list-output-formats | 
 103 | --list-extensions | 
 104 | --list-highlight-languages | 
 105 | --list-highlight-styles | 
 106 | -D | --print-default-template=FORMAT
 107 | --print-default-data-file | 
 108 | --print-highlight-style | 
 109 | -v | --version
 110 | -h | --help
