---
source: src/runner/help_probe/fixture_snapshots.rs
input_file: tests/fixtures/help/probe-thor__help_deploy.txt
---
   5 | -f | [--force]                                                   
   6 | -n | [--limit=N]                                                 
   8 | -o, --out | # write output here
   9 | -c | [--print-config-dir], [--no-print-config-dir], [--skip-print
