---
source: src/runner/help_probe/fixture_snapshots.rs
input_file: tests/fixtures/help/probe-docopt__--help.txt
---
   8 | -h | Show this screen.
   9 | -f | Skip confirmation prompts.
  10 | -n, --limit | Maximum number of results to return, a long description
  12 | --dry-run | Print what would change.
  13 | -v | Increase verbosity.
  14 | -o | Write output here.
