---
source: src/runner/help_probe/fixture_snapshots.rs
input_file: tests/fixtures/help/probe-oclif__deploy_--help.txt
---
  11 | -f, --force | skip confirmation prompts
  12 | -n, --limit | maximum number of results to return, a deliberately long des
  15 | -o, --output | write output here
  16 | --color, --no-color | colorize
  17 | --dry-run | print what would change
