---
source: src/runner/help_probe/fixture_snapshots.rs
input_file: tests/fixtures/help/shellcheck__--help.txt
---
   2 | -a, --check-sourced | Include warnings from sourced files
   3 | -C, --color | Use color (auto, always, never)
   4 | -i, --include | Consider only given types of warnings
   5 | -e, --exclude | Exclude types of warnings
   6 | --extended-analysis | Perform dataflow analysis (default true)
   7 | -f, --format | Output format (checkstyle, diff, gcc, json, json1, quiet, tt
   8 | --list-optional | List checks disabled by default
   9 | --norc | Don't look for .shellcheckrc files
  10 | --rcfile | Prefer the specified configuration file over searching for o
  11 | -o, --enable | List of optional checks to enable (or 'all')
  12 | -P, --source-path | Specify path when looking for sourced files ("SCRIPTDIR" for
  13 | -s, --shell | Specify dialect (sh, bash, dash, ksh, busybox)
  14 | -S, --severity | Minimum severity of errors to consider (error, warning, info
  15 | -V, --version | Print version information
  16 | -W, --wiki-link-count | The number of wiki links to show, when applicable
  17 | -x, --external-sources | Allow 'source' outside of FILES
  18 | --help | Show this usage summary and exit
