---
source: src/runner/help_probe/fixture_snapshots.rs
input_file: tests/fixtures/help/tar__--help.txt
---
  11 | -A, --catenate, --concatenate | append tar files to an archive
  12 | -c, --create | create a new archive
  13 | --delete | delete from the archive (not on mag tapes!)
  14 | -d, --diff, --compare | find differences between archive and file system
  15 | -r, --append | append files to the end of an archive
  16 | --test-label | test the archive volume label and exit
  17 | -t, --list | list the contents of an archive
  18 | -u, --update | only append files newer than copy in archive
  19 | -x, --extract, --get | extract files from an archive
  23 | --check-device | check device numbers when creating incremental
  25 | -g, --listed-incremental | handle new GNU-format incremental backup
  26 | -G, --incremental | handle old GNU-format incremental backup
  27 | --hole-detection | technique to detect holes
  28 | --ignore-failed-read | do not exit with nonzero on unreadable files
  29 | --level | dump level for created listed-incremental archive
  30 | --no-check-device | do not check device numbers when creating
  32 | --no-seek | archive is not seekable
  33 | -n, --seek | archive is seekable
  34 | --occurrence | process only the NUMBERth occurrence of each file
  37 | --diff, --extract | 
  40 | --sparse-version | 
  42 | --sparse | 
  43 | -S, --sparse | handle sparse files efficiently
  46 | --add-file | add given FILE to the archive (useful if its name
  48 | -C, --directory | change to directory DIR
  49 | --exclude | exclude files, given as a PATTERN
  50 | --exclude-backups | exclude backup and lock files
  51 | --exclude-caches | exclude contents of directories containing
  53 | --exclude-caches-all | exclude directories containing CACHEDIR.TAG
  54 | --exclude-caches-under | 
  56 | --exclude-ignore | read exclude patterns for each directory from
  58 | --exclude-ignore-recursive | 
  61 | --exclude-tag | exclude contents of directories containing FILE,
  63 | --exclude-tag-all | 
  64 | --exclude-tag-under | exclude everything under directories
  66 | --exclude-vcs | exclude version control system directories
  67 | --exclude-vcs-ignores | read exclude patterns from the VCS ignore files
  68 | --no-null | disable the effect of the previous --null option
  69 | --no-recursion | avoid descending automatically in directories
  70 | --no-unquote | do not unquote input file or member names
  71 | --no-verbatim-files-from | -T treats file names starting with dash as
  73 | --null | -T reads null-terminated names; implies
  74 | --verbatim-files-from | 
  75 | --recursion | recurse into directories (default)
  76 | -T, --files-from | get names to extract or create from FILE
  77 | --unquote | unquote input file or member names (default)
  78 | --verbatim-files-from | -T reads file names verbatim (no escape or option
  80 | -X, --exclude-from | exclude patterns listed in FILE
  84 | --anchored | patterns match file name start
  85 | --ignore-case | ignore case
  86 | --no-anchored | patterns match after any '/' (default for
  88 | --no-ignore-case | case sensitive matching (default)
  89 | --no-wildcards | verbatim string matching
  90 | --no-wildcards-match-slash | wildcards do not match '/'
  91 | --wildcards | use wildcards (default for exclusion)
  92 | --wildcards-match-slash | wildcards match '/' (default for exclusion)
  96 | --keep-directory-symlink | preserve existing symlinks to directories when
  98 | --keep-newer-files | don't replace existing files that are newer than
 100 | -k, --keep-old-files | don't replace existing files when extracting,
 102 | --no-overwrite-dir | preserve metadata of existing directories
 103 | --one-top-level | create a subdirectory to avoid having loose files
 105 | --overwrite | overwrite existing files when extracting
 106 | --overwrite-dir | overwrite metadata of existing directories when
 108 | --recursive-unlink | empty hierarchies prior to extracting directory
 109 | --remove-files | remove files after adding them to the archive
 110 | --skip-old-files | don't replace existing files when extracting,
 112 | -U, --unlink-first | remove each file prior to extracting over it
 113 | -W, --verify | attempt to verify the archive after writing it
 117 | --ignore-command-error | 
 118 | --no-ignore-command-error | treat non-zero exit codes of children as
 120 | -O, --to-stdout | extract files to standard output
 121 | --to-command | pipe extracted files to another program
 125 | --atime-preserve | preserve access times on dumped files, either
 129 | --clamp-mtime | only set time when the file is more recent than
 131 | --delay-directory-restore | delay setting modification times and
 134 | --group | force NAME as group for added files
 135 | --group-map | use FILE to map file owner GIDs and names
 136 | --mode | force (symbolic) mode CHANGES for added files
 137 | --mtime | set mtime for added files from DATE-OR-FILE
 138 | -m, --touch | don't extract file modified time
 139 | --no-delay-directory-restore | 
 142 | --no-same-owner | extract files as yourself (default for ordinary
 144 | --no-same-permissions | apply the user's umask when extracting permissions
 146 | --numeric-owner | always use numbers for user/group names
 147 | --owner | force NAME as owner for added files
 148 | --owner-map | use FILE to map file owner UIDs and names
 149 | -p, --preserve-permissions, --same-permissions | 
 152 | --same-owner | try extracting files with the same ownership as
 154 | --sort | directory sorting order: none (default), name or
 156 | -s, --preserve-order, --same-order | 
 162 | --acls | Enable the POSIX ACLs support
 163 | --no-acls | Disable the POSIX ACLs support
 164 | --no-selinux | Disable the SELinux context support
 165 | --no-xattrs | Disable extended attributes support
 166 | --selinux | Enable the SELinux context support
 167 | --xattrs | Enable extended attributes support
 168 | --xattrs-exclude | specify the exclude pattern for xattr keys
 169 | --xattrs-include | specify the include pattern for xattr keys
 173 | --force-local | archive file is local even if it has a colon
 174 | -f, --file | use archive file or device ARCHIVE
 175 | -F, --info-script, --new-volume-script | 
 177 | -L, --tape-length | change tape after writing NUMBER x 1024 bytes
 178 | -M, --multi-volume | create/list/extract multi-volume archive
 179 | --rmt-command | use given rmt COMMAND instead of rmt
 180 | --rsh-command | use remote COMMAND instead of rsh
 181 | --volno-file | use/update the volume number in FILE
 185 | -b, --blocking-factor | BLOCKS x 512 bytes per record
 186 | -B, --read-full-records | reblock as we read (for 4.2BSD pipes)
 187 | -i, --ignore-zeros | ignore zeroed blocks in archive (means EOF)
 188 | --record-size | NUMBER of bytes per record, multiple of 512
 192 | -H, --format | create archive of the given format
 202 | --old-archive, --portability | 
 204 | --pax-option | 
 206 | --posix | same as --format=posix
 207 | -V, --label | create archive with volume name TEXT; at
 213 | -a, --auto-compress | use archive suffix to determine the compression
 215 | -I, --use-compress-program | 
 217 | -j, --bzip2 | filter the archive through bzip2
 218 | -J, --xz | filter the archive through xz
 219 | --lzip | filter the archive through lzip
 220 | --lzma | filter the archive through xz
 221 | --lzop | filter the archive through lzop
 222 | --no-auto-compress | do not use archive suffix to determine the
 224 | --zstd | filter the archive through zstd
 225 | -z, --gzip, --gunzip, --ungzip | filter the archive through gzip
 226 | -Z, --compress, --uncompress | filter the archive through compress
 230 | --backup | backup before removal, choose version CONTROL
 231 | --hard-dereference | follow hard links; archive and dump the files they
 233 | -h, --dereference | follow symlinks; archive and dump the files they
 235 | -K, --starting-file | 
 238 | --newer-mtime | compare date and time when data changed only
 239 | -N, --newer, --after-date | 
 241 | --one-file-system | stay in local file system when creating archive
 242 | -P, --absolute-names | don't strip leading '/'s from file names
 243 | --suffix | backup before removal, override usual suffix ('~'
 249 | --strip-components | strip NUMBER leading components from file
 251 | --transform, --xform | 
 257 | --checkpoint | display progress messages every NUMBERth record
 259 | --checkpoint-action | execute ACTION on each checkpoint
 260 | --full-time | print file time to its full resolution
 261 | --index-file | send verbose output to FILE
 262 | -l, --check-links | print a message if not all links are dumped
 263 | --no-quote-chars | disable quoting for characters from STRING
 264 | --quote-chars | additionally quote characters from STRING
 265 | --quoting-style | set name quoting style; see below for valid STYLE
 267 | -R, --block-number | show block number within archive with each message
 269 | --show-defaults | show tar defaults
 270 | --show-omitted-dirs | when listing or extracting, list each directory
 272 | --show-snapshot-field-ranges | 
 274 | --show-transformed-names, --show-stored-names | 
 276 | --totals | print total bytes after processing the archive;
 281 | --utc | print file modification times in UTC
 282 | -v, --verbose | verbosely list files processed
 283 | --warning | warning control
 284 | -w, --interactive, --confirmation | 
 289 | -o | when creating, same as --old-archive; when
 294 | -?, --help | give this help list
 295 | --restrict | disable use of some potentially harmful options
 296 | --usage | give a short usage message
 297 | --version | print program version
