---
source: src/runner/help_probe/fixture_snapshots.rs
input_file: tests/fixtures/help/terraform__init_--help.txt
---
  18 | -backend | Disable backend or HCP Terraform initialization for this con
  24 | -backend-config | Configuration to be merged with what is in the configuration
  32 | -force-copy | Suppress prompts about copying state data when initializing 
  37 | -from-module | Copy the contents of the given module into the target direct
  40 | -get | Disable downloading modules for this configuration.
  42 | -input | Disable interactive prompts. Note that some actions may requ
  46 | -lock | Don't hold a state lock during backend migration. This is da
  50 | -lock-timeout | Duration to retry a state lock.
  52 | -no-color | If specified, output won't contain any color.
  54 | -json | If specified, machine readable output will be printed in JSO
  57 | -plugin-dir | Directory containing plugin binaries. This overrides all def
  62 | -reconfigure | Reconfigure a backend, ignoring any saved configuration.
  65 | -migrate-state | Reconfigure a backend, and attempt to migrate any existing s
  68 | -upgrade | Install the latest module and provider versions allowed with
  73 | -lockfile | Set a dependency lockfile mode. Currently only "readonly" is
  76 | -ignore-remote-version | A rare option used for HCP Terraform and the remote backend 
  83 | -test-directory | Set the Terraform test directory, defaults to "tests".
  85 | -var | Set a value for one of the input variables in the root modul
  89 | -var-file | Load variable values from the given file, in addition to the
  94 | -enable-pluggable-state-storage-experiment | A flag to enable an alternative init command that allows use
  98 | -state-provider-lock-file | Specifies a lock file Terraform should use to establish trus
