---
source: src/runner/help_probe/fixture_snapshots.rs
input_file: tests/fixtures/help/terraform__providers_--help.txt
---
  13 | -t | Set the Terraform test directory, defaults to "tests".
  15 | -v | Set a value for one of the input variables in the root
  19 | -v | Load variable values from the given file, in addition
