---
source: src/runner/help_probe/fixture_snapshots.rs
input_file: tests/fixtures/help/terraform__apply_--help.txt
---
  14 | -auto-approve | Skip interactive approval of plan before applying.
  16 | -backup | Path to backup the existing state file before modifying. Def
  20 | -compact-warnings | If Terraform produces any warnings that are not accompanied 
  24 | -destroy | Destroy Terraform-managed infrastructure. The command "terra
  28 | -lock | Don't hold a state lock during the operation. This is danger
  32 | -lock-timeout | Duration to retry a state lock.
  34 | -input | Ask for input for variables if not directly set.
  36 | -no-color | If specified, output won't contain any color.
  38 | -parallelism | Limit the number of parallel resource operations. Defaults t
  41 | -replace | Terraform will plan to replace this resource instance instea
  44 | -state | Path to read and save state (unless state-out is specified).
  49 | -state-out | Path to write state to that is different than "-state". This
  56 | -var | Set a value for one of the input variables in the root modul
  60 | -var-file | Load variable values from the given file, in addition to the
