---
source: src/runner/help_probe/fixture_snapshots.rs
input_file: tests/fixtures/help/terraform__query_--help.txt
---
  15 | -var | Set a value for one of the input variables in the query
  19 | -var-file | Load variable values from the given file, in addition
  26 | -generate-config-out | Instructs Terraform to generate import and resource
  34 | -json | If specified, machine readable output will be
  37 | -no-color | If specified, output won't contain any color.
