---
source: src/runner/help_probe/fixture_snapshots.rs
input_file: tests/fixtures/help/terraform__untaint_--help.txt
---
  17 | -allow-missing | If specified, the command will succeed (exit code 0) even if
  20 | -lock | Don't hold a state lock during the operation. This is danger
  24 | -lock-timeout | Duration to retry a state lock.
  26 | -ignore-remote-version | A rare option used for the remote backend only. See the remo
  29 | -state | and -backup are legacy options supported for the local
