---
source: src/runner/help_probe/fixture_snapshots.rs
input_file: tests/fixtures/help/terraform__init_--help.txt
---
  18 | -backend | Disable backend or HCP Terraform initialization
  24 | -backend-config | Configuration to be merged with what is in the
  32 | -force-copy | Suppress prompts about copying state data when
  37 | -from-module | Copy the contents of the given module into the target
  40 | -get | Disable downloading modules for this configuration.
  42 | -input | Disable interactive prompts. Note that some actions may
  46 | -lock | Don't hold a state lock during backend migration.
  50 | -lock-timeout | Duration to retry a state lock.
  52 | -no-color | If specified, output won't contain any color.
  54 | -json | If specified, machine readable output will be
  57 | -plugin-dir | Directory containing plugin binaries. This overrides all
  62 | -reconfigure | Reconfigure a backend, ignoring any saved
  65 | -migrate-state | Reconfigure a backend, and attempt to migrate any
  68 | -upgrade | Install the latest module and provider versions
  73 | -lockfile | Set a dependency lockfile mode.
  76 | -ignore-remote-version | A rare option used for HCP Terraform and the remote backend
  83 | -test-directory | Set the Terraform test directory, defaults to "tests".
  85 | -var | Set a value for one of the input variables in the root
  89 | -var-file | Load variable values from the given file, in addition
  94 | -enable-pluggable-state-storage-experiment | 
  98 | -state-provider-lock-file | 
 103 | -enable-pluggable-state-storage-experiment | flag present.
