---
source: src/runner/help_probe/fixture_snapshots.rs
input_file: tests/fixtures/help/terraform__graph_--help.txt
---
  18 | -plan | Render graph using the specified plan file instead of the
  21 | -draw-cycles | Highlight any cycles in the graph with colored edges.
  26 | -type | Type of operation graph to output. Can be: plan,
  33 | -module-depth | (deprecated) In prior versions of Terraform, specified the
  36 | -var | Set a value for one of the input variables in the root
  40 | -var-file | Load variable values from the given file, in addition
  45 | -format | Output format for the graph. Supported values are
