---
source: src/runner/help_probe/fixture_snapshots.rs
input_file: tests/fixtures/help/terraform__plan_--help.txt
---
  16 | -destroy | Select the "destroy" planning mode, which creates a plan to 
  20 | -refresh-only | Select the "refresh only" planning mode, which checks whethe
  25 | -refresh | Skip checking for external changes to remote objects while c
  30 | -replace | Force replacement of a particular resource instance using it
  36 | -target | Limit the planning operation to only the given module, resou
  42 | -var | Set a value for one of the input variables in the root modul
  46 | -var-file | Load variable values from the given file, in addition to the
  53 | -compact-warnings | If Terraform produces any warnings that are not accompanied 
  57 | -detailed-exitcode | Return detailed exit codes when the command exits. This will
  63 | -generate-config-out | (Experimental) If import blocks are present in configuration
  70 | -input | Ask for input for variables if not directly set.
  72 | -lock | Don't hold a state lock during the operation. This is danger
  76 | -lock-timeout | Duration to retry a state lock.
  78 | -no-color | If specified, output won't contain any color.
  80 | -out | Write a plan file to the given path. This can be used as inp
  83 | -parallelism | Limit the number of concurrent operations. Defaults to 10.
  86 | -state | A legacy option used for the local backend only. See the loc
