---
source: src/runner/help_probe/fixture_snapshots.rs
input_file: tests/fixtures/help/terraform__console_--help.txt
---
  15 | -state | Legacy option for the local backend only. See the local
  18 | -plan | Create a new plan (as if running "terraform plan") and
  24 | -scope | Provide a module instance address which declares the scope t
  34 | -var | Set a variable in the Terraform configuration. This
  37 | -var-file | Set variables in the Terraform configuration from
