---
source: src/runner/help_probe/fixture_snapshots.rs
input_file: tests/fixtures/help/terraform__get_--help.txt
---
  17 | -u | Check already-downloaded modules for available updates
  20 | -n | Disable text coloring in the output.
  22 | -t | Set the Terraform test directory, defaults to "tests".
  24 | -v | Set a value for one of the input variables in the root
  28 | -v | Load variable values from the given file, in addition
